src/pages/Assignments.tsx(13,29): error TS2345: Argument of type 'string | null' is not assignable to parameter of type 'string'.
  Type 'null' is not assignable to type 'string'.
src/pages/Assignments.tsx(95,63): error TS2339: Property 'name' does not exist on type 'string | Class'.
  Property 'name' does not exist on type 'string'.
src/pages/Assignments.tsx(106,34): error TS2367: This comparison appears to be unintentional because the types '"PENDING" | "SUBMITTED" | "GRADED" | undefined' and '"submitted"' have no overlap.
src/pages/Courses.tsx(105,61): error TS2339: Property 'name' does not exist on type 'string | Institution'.
  Property 'name' does not exist on type 'string'.
src/pages/Courses.tsx(139,37): error TS2322: Type 'string' is not assignable to type 'number'.
src/pages/Jobs.tsx(15,29): error TS2345: Argument of type 'string | null' is not assignable to parameter of type 'string'.
  Type 'null' is not assignable to type 'string'.
src/pages/Jobs.tsx(113,62): error TS2339: Property 'name' does not exist on type 'string | Institution'.
  Property 'name' does not exist on type 'string'.
src/pages/Jobs.tsx(155,83): error TS2339: Property 'name' does not exist on type 'string | Institution'.
  Property 'name' does not exist on type 'string'.
src/pages/Jobs.tsx(182,37): error TS2322: Type 'string' is not assignable to type 'number'.
src/pages/Profile.tsx(1,20): error TS6133: 'useEffect' is declared but its value is never read.
src/pages/Profile.tsx(7,18): error TS6133: 'setUser' is declared but its value is never read.
src/pages/Profile.tsx(125,41): error TS2322: Type 'string' is not assignable to type 'number'.
