src/components/ui/dialog.tsx(4,28): error TS2307: Cannot find module '@radix-ui/react-icons' or its corresponding type declarations.
src/components/ui/select.tsx(6,59): error TS2307: Cannot find module '@radix-ui/react-icons' or its corresponding type declarations.
src/components/ui/toast.tsx(7,28): error TS2307: Cannot find module '@radix-ui/react-icons' or its corresponding type declarations.
src/components/ui/toaster.tsx(3,26): error TS2307: Cannot find module '@/components/hooks/use-toast' or its corresponding type declarations.
src/components/ui/toaster.tsx(18,31): error TS7031: Binding element 'id' implicitly has an 'any' type.
src/components/ui/toaster.tsx(18,35): error TS7031: Binding element 'title' implicitly has an 'any' type.
src/components/ui/toaster.tsx(18,42): error TS7031: Binding element 'description' implicitly has an 'any' type.
src/components/ui/toaster.tsx(18,55): error TS7031: Binding element 'action' implicitly has an 'any' type.
